// Jest Snapshot v1, https://goo.gl/fbAQLP

exports[`wc-elixir-utils-manage-permissions renders 1`] = `
Object {
  "body": <body>
  <div>
    <wc-elixir-utils-new-service>
      <form>
        <div class="flex font-semibold justify-center text-red-400">
          <svg class="h-6 mr-2 w-6" fill="none" stroke="currentColor" viewBox="0 0 24 24" xmlns="http://www.w3.org/2000/svg">
            <path d="M12 8v4m0 4h.01M21 12a9 9 0 11-18 0 9 9 0 0118 0z" stroke-linecap="round" stroke-linejoin="round" stroke-width="2"></path>
          </svg>
          Sorry, the open api endpoint doesn't exist.
        </div>
      </form>
    </wc-elixir-utils-new-service>
  </div>
</body>,
  "build": Object {
    "allRenderFn": true,
    "appendChildSlotFix": false,
    "asyncLoading": true,
    "asyncQueue": true,
    "attachStyles": false,
    "cloneNodeFix": false,
    "cmpDidLoad": true,
    "cmpDidRender": true,
    "cmpDidUnload": true,
    "cmpDidUpdate": true,
    "cmpShouldUpdate": true,
    "cmpWillLoad": true,
    "cmpWillRender": true,
    "cmpWillUpdate": true,
    "connectedCallback": true,
    "constructableCSS": true,
    "cssAnnotations": false,
    "cssVarShim": true,
    "devTools": false,
    "disconnectedCallback": true,
    "dynamicImportShim": false,
    "element": true,
    "event": true,
    "hasRenderFn": true,
    "hostListener": true,
    "hostListenerTarget": true,
    "hostListenerTargetBody": true,
    "hostListenerTargetDocument": true,
    "hostListenerTargetParent": true,
    "hostListenerTargetWindow": true,
    "hotModuleReplacement": false,
    "hydrateClientSide": false,
    "hydrateServerSide": false,
    "hydratedAttribute": false,
    "hydratedClass": true,
    "initializeNextTick": true,
    "isDebug": false,
    "isDev": true,
    "isTesting": true,
    "lazyLoad": true,
    "lifecycle": true,
    "lifecycleDOMEvents": true,
    "member": true,
    "method": true,
    "mode": true,
    "observeAttribute": true,
    "profile": true,
    "prop": true,
    "propBoolean": true,
    "propMutable": true,
    "propNumber": true,
    "propString": true,
    "reflect": true,
    "safari10": false,
    "scoped": true,
    "scriptDataOpts": false,
    "shadowDelegatesFocus": true,
    "shadowDom": true,
    "shadowDomShim": false,
    "slot": true,
    "slotChildNodesFix": false,
    "slotRelocation": true,
    "state": true,
    "style": true,
    "svg": true,
    "taskQueue": true,
    "transformTagName": true,
    "updatable": true,
    "vdomAttribute": true,
    "vdomClass": true,
    "vdomFunctional": true,
    "vdomKey": true,
    "vdomListener": true,
    "vdomPropOrAttr": true,
    "vdomRef": true,
    "vdomRender": true,
    "vdomStyle": true,
    "vdomText": true,
    "vdomXlink": true,
    "watchCallback": true,
  },
  "doc": ,
  "flushLoadModule": [Function],
  "flushQueue": [Function],
  "setContent": [Function],
  "styles": Map {},
  "waitForChanges": [Function],
  "win": [MockWindow],
}
`;
